error: expected `;`, found `,`
     --> tests/vrs/interface/writeactions_02_wrong_separator.vrs:1:22
      |
    1 |  WriteActions { A -> B,  A -> B; }
      |                       ^ help: add `;` here.
