0x2

@@@@@@@@@@@@@@@@@@@@@@@@@@@@@@@@

0x4

@@@@@@@@@@@@@@@@@@@@@@@@@@@@@@@@

0x7

@@@@@@@@@@@@@@@@@@@@@@@@@@@@@@@@

0x5

@@@@@@@@@@@@@@@@@@@@@@@@@@@@@@@@

true

@@@@@@@@@@@@@@@@@@@@@@@@@@@@@@@@

a == 0x1

@@@@@@@@@@@@@@@@@@@@@@@@@@@@@@@@

a == 0x1

@@@@@@@@@@@@@@@@@@@@@@@@@@@@@@@@

a == 0x1

@@@@@@@@@@@@@@@@@@@@@@@@@@@@@@@@

(b < a) == true

@@@@@@@@@@@@@@@@@@@@@@@@@@@@@@@@

