VelosiAst(tests/vrs/osspec/osspec_ok_00_empty.vrs)
--------------------------------------------------------

osspec MyOs () {

}


--------------------------------------------------------
