  #[remap]
  abstract fn foo() -> bool
    requires true;
  { }

@@@@@@@@@@@@@@@@@@@@@@@@@@@@@@@@