error: unsupported method property
     --> tests/vrs/methods/methods_err_07_unsupported_decorators.vrs:2:3
      |
    2 |  #[foo]
      |    ^^^ supported method properties are `invariant` and `remap`
error: could not compile due to 1 previous errors; 0 warnings emitted


@@@@@@@@@@@@@@@@@@@@@@@@@@@@@@@@

error: unsupported method property
     --> tests/vrs/methods/methods_err_07_unsupported_decorators.vrs:6:3
      |
    6 |  #[bar]
      |    ^^^ supported method properties are `invariant` and `remap`
error: could not compile due to 1 previous errors; 0 warnings emitted


@@@@@@@@@@@@@@@@@@@@@@@@@@@@@@@@

error: unsupported method property
     --> tests/vrs/methods/methods_err_07_unsupported_decorators.vrs:12:3
      |
   12 |  #[foo, bar(baz)]
      |    ^^^ supported method properties are `invariant` and `remap`
error: unsupported method property
     --> tests/vrs/methods/methods_err_07_unsupported_decorators.vrs:12:8
      |
   12 |  #[foo, bar(baz)]
      |         ^^^ supported method properties are `invariant` and `remap`
error: could not compile due to 2 previous errors; 0 warnings emitted


@@@@@@@@@@@@@@@@@@@@@@@@@@@@@@@@

error: method property `remap` doesn't support arguments
     --> tests/vrs/methods/methods_err_07_unsupported_decorators.vrs:18:9
      |
   18 |  #[remap(foo)]
      |          ^^^ remove these arguments
error: could not compile due to 1 previous errors; 0 warnings emitted


@@@@@@@@@@@@@@@@@@@@@@@@@@@@@@@@
