abstract fn foo() -> bool
  requires true;

@@@@@@@@@@@@@@@@@@@@@@@@@@@@@@@@

synth fn foo() -> bool
  requires true;

@@@@@@@@@@@@@@@@@@@@@@@@@@@@@@@@

synth fn foo() -> bool
  requires true;

@@@@@@@@@@@@@@@@@@@@@@@@@@@@@@@@

extern fn foo() -> bool
  requires true;

@@@@@@@@@@@@@@@@@@@@@@@@@@@@@@@@

extern fn foo() -> bool
  requires true;

@@@@@@@@@@@@@@@@@@@@@@@@@@@@@@@@

